Picked up JAVA_TOOL_OPTIONS: -Dstdout.encoding=UTF-8 -Dstderr.encoding=UTF-8
WARNING: A restricted method in java.lang.System has been called
WARNING: java.lang.System::load has been called by org.fusesource.jansi.internal.JansiLoader in an unnamed module (file:/C:/Users/shiva/.m2/wrapper/dists/apache-maven-3.9.5-bin/32db9c34/apache-maven-3.9.5/lib/jansi-2.4.0.jar)
WARNING: Use --enable-native-access=ALL-UNNAMED to avoid a warning for callers in this module
WARNING: Restricted methods will be blocked in a future release unless native access is enabled

WARNING: A terminally deprecated method in sun.misc.Unsafe has been called
WARNING: sun.misc.Unsafe::objectFieldOffset has been called by com.google.common.util.concurrent.AbstractFuture$UnsafeAtomicHelper (file:/C:/Users/shiva/.m2/wrapper/dists/apache-maven-3.9.5-bin/32db9c34/apache-maven-3.9.5/lib/guava-32.0.1-jre.jar)
WARNING: Please consider reporting this to the maintainers of class com.google.common.util.concurrent.AbstractFuture$UnsafeAtomicHelper
WARNING: sun.misc.Unsafe::objectFieldOffset will be removed in a future release
WARNING: Final field _cipher in class org.sonatype.plexus.components.sec.dispatcher.DefaultSecDispatcher has been mutated reflectively by class org.eclipse.sisu.bean.BeanPropertyField in unnamed module @3d121db3 (file:/C:/Users/shiva/.m2/wrapper/dists/apache-maven-3.9.5-bin/32db9c34/apache-maven-3.9.5/lib/org.eclipse.sisu.inject-0.3.5.jar)
WARNING: Use --enable-final-field-mutation=ALL-UNNAMED to avoid a warning
WARNING: Mutating final fields will be blocked in a future release unless final field mutation is enabled
[INFO] Scanning for projects...
[INFO] 
[INFO] -----------------< com.gridweaver:gridweaver-backend >------------------
[INFO] Building GridWeaver Backend 1.0.0
[INFO]   from pom.xml
[INFO] --------------------------------[ jar ]---------------------------------
[INFO] 
[INFO] --- clean:3.3.2:clean (default-clean) @ gridweaver-backend ---
[INFO] Deleting c:\Users\shiva\AndroidStudioProjects\Gride\backend\target
[INFO] 
[INFO] --- resources:3.3.1:resources (default-resources) @ gridweaver-backend ---
[INFO] Copying 1 resource from src\main\resources to target\classes
[INFO] Copying 0 resource from src\main\resources to target\classes
[INFO] 
[INFO] --- compiler:3.11.0:compile (default-compile) @ gridweaver-backend ---
[INFO] Changes detected - recompiling the module! :source
[INFO] Compiling 9 source files with javac [debug release 25] to target\classes
[INFO] /c:/Users/shiva/AndroidStudioProjects/Gride/backend/src/main/java/com/gridweaver/service/DeviceStateService.java: c:\Users\shiva\AndroidStudioProjects\Gride\backend\src\main\java\com\gridweaver\service\DeviceStateService.java uses or overrides a deprecated API.
[INFO] /c:/Users/shiva/AndroidStudioProjects/Gride/backend/src/main/java/com/gridweaver/service/DeviceStateService.java: Recompile with -Xlint:deprecation for details.
[INFO] -------------------------------------------------------------
[ERROR] COMPILATION ERROR : 
[INFO] -------------------------------------------------------------
[ERROR] /c:/Users/shiva/AndroidStudioProjects/Gride/backend/src/main/java/com/gridweaver/websocket/IoTWebSocketHandler.java:[52,35] cannot find symbol
  symbol:   method getDeviceId()
  location: variable device of type com.gridweaver.model.IoTDevice
[ERROR] /c:/Users/shiva/AndroidStudioProjects/Gride/backend/src/main/java/com/gridweaver/websocket/IoTWebSocketHandler.java:[52,57] cannot find symbol
  symbol:   method getState()
  location: variable device of type com.gridweaver.model.IoTDevice
[ERROR] /c:/Users/shiva/AndroidStudioProjects/Gride/backend/src/main/java/com/gridweaver/websocket/IoTWebSocketHandler.java:[52,76] cannot find symbol
  symbol:   method getPowerOutput()
  location: variable device of type com.gridweaver.model.IoTDevice
[ERROR] /c:/Users/shiva/AndroidStudioProjects/Gride/backend/src/main/java/com/gridweaver/websocket/IoTWebSocketHandler.java:[85,26] cannot find symbol
  symbol:   method getDeviceId()
  location: variable device of type com.gridweaver.model.IoTDevice
[ERROR] /c:/Users/shiva/AndroidStudioProjects/Gride/backend/src/main/java/com/gridweaver/websocket/IoTWebSocketHandler.java:[85,48] cannot find symbol
  symbol:   method getDeviceType()
  location: variable device of type com.gridweaver.model.IoTDevice
[ERROR] /c:/Users/shiva/AndroidStudioProjects/Gride/backend/src/main/java/com/gridweaver/websocket/IoTWebSocketHandler.java:[85,72] cannot find symbol
  symbol:   method getState()
  location: variable device of type com.gridweaver.model.IoTDevice
[ERROR] /c:/Users/shiva/AndroidStudioProjects/Gride/backend/src/main/java/com/gridweaver/websocket/IoTWebSocketHandler.java:[86,26] cannot find symbol
  symbol:   method getPowerOutput()
  location: variable device of type com.gridweaver.model.IoTDevice
[ERROR] /c:/Users/shiva/AndroidStudioProjects/Gride/backend/src/main/java/com/gridweaver/websocket/IoTWebSocketHandler.java:[86,51] cannot find symbol
  symbol:   method getBatteryLevel()
  location: variable device of type com.gridweaver.model.IoTDevice
[ERROR] /c:/Users/shiva/AndroidStudioProjects/Gride/backend/src/main/java/com/gridweaver/service/DeviceStateService.java:[34,36] cannot find symbol
  symbol:   method getDeviceId()
  location: variable device of type com.gridweaver.model.IoTDevice
[ERROR] /c:/Users/shiva/AndroidStudioProjects/Gride/backend/src/main/java/com/gridweaver/service/DeviceStateService.java:[44,30] cannot find symbol
  symbol:   method getDeviceId()
  location: variable device of type com.gridweaver.model.IoTDevice
[ERROR] /c:/Users/shiva/AndroidStudioProjects/Gride/backend/src/main/java/com/gridweaver/service/DeviceStateService.java:[52,34] cannot find symbol
  symbol:   method getState()
  location: variable device of type com.gridweaver.model.IoTDevice
[ERROR] /c:/Users/shiva/AndroidStudioProjects/Gride/backend/src/main/java/com/gridweaver/service/DeviceStateService.java:[58,19] cannot find symbol
  symbol:   method getBatteryLevel()
  location: variable device of type com.gridweaver.model.IoTDevice
[ERROR] /c:/Users/shiva/AndroidStudioProjects/Gride/backend/src/main/java/com/gridweaver/service/DeviceStateService.java:[59,36] cannot find symbol
  symbol:   method getDeviceType()
  location: variable device of type com.gridweaver.model.IoTDevice
[ERROR] /c:/Users/shiva/AndroidStudioProjects/Gride/backend/src/main/java/com/gridweaver/service/DeviceStateService.java:[64,80] cannot find symbol
  symbol:   method getState()
  location: variable device of type com.gridweaver.model.IoTDevice
[INFO] 14 errors 
[INFO] -------------------------------------------------------------
[INFO] ------------------------------------------------------------------------
[INFO] BUILD FAILURE
[INFO] ------------------------------------------------------------------------
[INFO] Total time:  7.983 s
[INFO] Finished at: 2026-08-11T21:33:10+05:30
[INFO] ------------------------------------------------------------------------
[ERROR] Failed to execute goal org.apache.maven.plugins:maven-compiler-plugin:3.11.0:compile (default-compile) on project gridweaver-backend: Compilation failure: Compilation failure: 
[ERROR] /c:/Users/shiva/AndroidStudioProjects/Gride/backend/src/main/java/com/gridweaver/websocket/IoTWebSocketHandler.java:[52,35] cannot find symbol
[ERROR]   symbol:   method getDeviceId()
[ERROR]   location: variable device of type com.gridweaver.model.IoTDevice
[ERROR] /c:/Users/shiva/AndroidStudioProjects/Gride/backend/src/main/java/com/gridweaver/websocket/IoTWebSocketHandler.java:[52,57] cannot find symbol
[ERROR]   symbol:   method getState()
[ERROR]   location: variable device of type com.gridweaver.model.IoTDevice
[ERROR] /c:/Users/shiva/AndroidStudioProjects/Gride/backend/src/main/java/com/gridweaver/websocket/IoTWebSocketHandler.java:[52,76] cannot find symbol
[ERROR]   symbol:   method getPowerOutput()
[ERROR]   location: variable device of type com.gridweaver.model.IoTDevice
[ERROR] /c:/Users/shiva/AndroidStudioProjects/Gride/backend/src/main/java/com/gridweaver/websocket/IoTWebSocketHandler.java:[85,26] cannot find symbol
[ERROR]   symbol:   method getDeviceId()
[ERROR]   location: variable device of type com.gridweaver.model.IoTDevice
[ERROR] /c:/Users/shiva/AndroidStudioProjects/Gride/backend/src/main/java/com/gridweaver/websocket/IoTWebSocketHandler.java:[85,48] cannot find symbol
[ERROR]   symbol:   method getDeviceType()
[ERROR]   location: variable device of type com.gridweaver.model.IoTDevice
[ERROR] /c:/Users/shiva/AndroidStudioProjects/Gride/backend/src/main/java/com/gridweaver/websocket/IoTWebSocketHandler.java:[85,72] cannot find symbol
[ERROR]   symbol:   method getState()
[ERROR]   location: variable device of type com.gridweaver.model.IoTDevice
[ERROR] /c:/Users/shiva/AndroidStudioProjects/Gride/backend/src/main/java/com/gridweaver/websocket/IoTWebSocketHandler.java:[86,26] cannot find symbol
[ERROR]   symbol:   method getPowerOutput()
[ERROR]   location: variable device of type com.gridweaver.model.IoTDevice
[ERROR] /c:/Users/shiva/AndroidStudioProjects/Gride/backend/src/main/java/com/gridweaver/websocket/IoTWebSocketHandler.java:[86,51] cannot find symbol
[ERROR]   symbol:   method getBatteryLevel()
[ERROR]   location: variable device of type com.gridweaver.model.IoTDevice
[ERROR] /c:/Users/shiva/AndroidStudioProjects/Gride/backend/src/main/java/com/gridweaver/service/DeviceStateService.java:[34,36] cannot find symbol
[ERROR]   symbol:   method getDeviceId()
[ERROR]   location: variable device of type com.gridweaver.model.IoTDevice
[ERROR] /c:/Users/shiva/AndroidStudioProjects/Gride/backend/src/main/java/com/gridweaver/service/DeviceStateService.java:[44,30] cannot find symbol
[ERROR]   symbol:   method getDeviceId()
[ERROR]   location: variable device of type com.gridweaver.model.IoTDevice
[ERROR] /c:/Users/shiva/AndroidStudioProjects/Gride/backend/src/main/java/com/gridweaver/service/DeviceStateService.java:[52,34] cannot find symbol
[ERROR]   symbol:   method getState()
[ERROR]   location: variable device of type com.gridweaver.model.IoTDevice
[ERROR] /c:/Users/shiva/AndroidStudioProjects/Gride/backend/src/main/java/com/gridweaver/service/DeviceStateService.java:[58,19] cannot find symbol
[ERROR]   symbol:   method getBatteryLevel()
[ERROR]   location: variable device of type com.gridweaver.model.IoTDevice
[ERROR] /c:/Users/shiva/AndroidStudioProjects/Gride/backend/src/main/java/com/gridweaver/service/DeviceStateService.java:[59,36] cannot find symbol
[ERROR]   symbol:   method getDeviceType()
[ERROR]   location: variable device of type com.gridweaver.model.IoTDevice
[ERROR] /c:/Users/shiva/AndroidStudioProjects/Gride/backend/src/main/java/com/gridweaver/service/DeviceStateService.java:[64,80] cannot find symbol
[ERROR]   symbol:   method getState()
[ERROR]   location: variable device of type com.gridweaver.model.IoTDevice
[ERROR] -> [Help 1]
[ERROR] 
[ERROR] To see the full stack trace of the errors, re-run Maven with the -e switch.
[ERROR] Re-run Maven using the -X switch to enable full debug logging.
[ERROR] 
[ERROR] For more information about the errors and possible solutions, please read the following articles:
[ERROR] [Help 1] http://cwiki.apache.org/confluence/display/MAVEN/MojoFailureException
