Picked up JAVA_TOOL_OPTIONS: -Dstdout.encoding=UTF-8 -Dstderr.encoding=UTF-8
WARNING: A restricted method in java.lang.System has been called
WARNING: java.lang.System::load has been called by org.fusesource.jansi.internal.JansiLoader in an unnamed module (file:/C:/Users/shiva/.m2/wrapper/dists/apache-maven-3.9.5-bin/32db9c34/apache-maven-3.9.5/lib/jansi-2.4.0.jar)
WARNING: Use --enable-native-access=ALL-UNNAMED to avoid a warning for callers in this module
WARNING: Restricted methods will be blocked in a future release unless native access is enabled

WARNING: A terminally deprecated method in sun.misc.Unsafe has been called
WARNING: sun.misc.Unsafe::objectFieldOffset has been called by com.google.common.util.concurrent.AbstractFuture$UnsafeAtomicHelper (file:/C:/Users/shiva/.m2/wrapper/dists/apache-maven-3.9.5-bin/32db9c34/apache-maven-3.9.5/lib/guava-32.0.1-jre.jar)
WARNING: Please consider reporting this to the maintainers of class com.google.common.util.concurrent.AbstractFuture$UnsafeAtomicHelper
WARNING: sun.misc.Unsafe::objectFieldOffset will be removed in a future release
WARNING: Final field _cipher in class org.sonatype.plexus.components.sec.dispatcher.DefaultSecDispatcher has been mutated reflectively by class org.eclipse.sisu.bean.BeanPropertyField in unnamed module @3d121db3 (file:/C:/Users/shiva/.m2/wrapper/dists/apache-maven-3.9.5-bin/32db9c34/apache-maven-3.9.5/lib/org.eclipse.sisu.inject-0.3.5.jar)
WARNING: Use --enable-final-field-mutation=ALL-UNNAMED to avoid a warning
WARNING: Mutating final fields will be blocked in a future release unless final field mutation is enabled
[INFO] Scanning for projects...
[INFO] 
[INFO] -----------------< com.gridweaver:gridweaver-backend >------------------
[INFO] Building GridWeaver Backend 1.0.0
[INFO]   from pom.xml
[INFO] --------------------------------[ jar ]---------------------------------
[INFO] 
[INFO] --- clean:3.3.2:clean (default-clean) @ gridweaver-backend ---
[INFO] Deleting c:\Users\shiva\AndroidStudioProjects\Gride\backend\target
[INFO] 
[INFO] --- resources:3.3.1:resources (default-resources) @ gridweaver-backend ---
[INFO] Copying 1 resource from src\main\resources to target\classes
[INFO] Copying 0 resource from src\main\resources to target\classes
[INFO] 
[INFO] --- compiler:3.11.0:compile (default-compile) @ gridweaver-backend ---
[INFO] Changes detected - recompiling the module! :source
[INFO] Compiling 9 source files with javac [debug release 21] to target\classes
[INFO] /c:/Users/shiva/AndroidStudioProjects/Gride/backend/src/main/java/com/gridweaver/service/DeviceStateService.java: c:\Users\shiva\AndroidStudioProjects\Gride\backend\src\main\java\com\gridweaver\service\DeviceStateService.java uses or overrides a deprecated API.
[INFO] /c:/Users/shiva/AndroidStudioProjects/Gride/backend/src/main/java/com/gridweaver/service/DeviceStateService.java: Recompile with -Xlint:deprecation for details.
[INFO] 
[INFO] --- resources:3.3.1:testResources (default-testResources) @ gridweaver-backend ---
[INFO] skip non existing resourceDirectory c:\Users\shiva\AndroidStudioProjects\Gride\backend\src\test\resources
[INFO] 
[INFO] --- compiler:3.11.0:testCompile (default-testCompile) @ gridweaver-backend ---
[INFO] No sources to compile
[INFO] 
[INFO] --- surefire:3.1.2:test (default-test) @ gridweaver-backend ---
[INFO] Tests are skipped.
[INFO] 
[INFO] --- jar:3.3.0:jar (default-jar) @ gridweaver-backend ---
[INFO] Building jar: c:\Users\shiva\AndroidStudioProjects\Gride\backend\target\gridweaver-backend-1.0.0.jar
[INFO] 
[INFO] --- spring-boot:3.2.0:repackage (repackage) @ gridweaver-backend ---
[INFO] Replacing main artifact c:\Users\shiva\AndroidStudioProjects\Gride\backend\target\gridweaver-backend-1.0.0.jar with repackaged archive, adding nested dependencies in BOOT-INF/.
[INFO] The original artifact has been renamed to c:\Users\shiva\AndroidStudioProjects\Gride\backend\target\gridweaver-backend-1.0.0.jar.original
[INFO] ------------------------------------------------------------------------
[INFO] BUILD SUCCESS
[INFO] ------------------------------------------------------------------------
[INFO] Total time:  18.753 s
[INFO] Finished at: 2026-08-11T21:44:45+05:30
[INFO] ------------------------------------------------------------------------
